********* Archive Project on 2026-07-23 15:26:31 *********
Tool Version: V1.9.12.02_SP2 (64-bit)
Archive file: D:\neorv32\neorv32_fpga\neorv_project\neorv_project.gar
Archive files successfully


********* Archived files *********
D:\neorv32\neorv32_fpga\neorv_project\impl\neorv_project_process_config.json
D:\neorv32\neorv32_fpga\neorv_project\neorv32\core\neorv32_bootrom.vhd
D:\neorv32\neorv32_fpga\neorv_project\neorv32\core\neorv32_bootrom_image.vhd
D:\neorv32\neorv32_fpga\neorv_project\neorv32\core\neorv32_bootrom_rom.vhd
D:\neorv32\neorv32_fpga\neorv_project\neorv32\core\neorv32_bus.vhd
D:\neorv32\neorv32_fpga\neorv_project\neorv32\core\neorv32_cache.vhd
D:\neorv32\neorv32_fpga\neorv_project\neorv32\core\neorv32_cache_ram.vhd
D:\neorv32\neorv32_fpga\neorv_project\neorv32\core\neorv32_cfs.vhd
D:\neorv32\neorv32_fpga\neorv_project\neorv32\core\neorv32_clint.vhd
D:\neorv32\neorv32_fpga\neorv_project\neorv32\core\neorv32_cpu.vhd
D:\neorv32\neorv32_fpga\neorv_project\neorv32\core\neorv32_cpu_alu.vhd
D:\neorv32\neorv32_fpga\neorv_project\neorv32\core\neorv32_cpu_alu_bitmanip.vhd
D:\neorv32\neorv32_fpga\neorv_project\neorv32\core\neorv32_cpu_alu_cfu.vhd
D:\neorv32\neorv32_fpga\neorv_project\neorv32\core\neorv32_cpu_alu_cond.vhd
D:\neorv32\neorv32_fpga\neorv_project\neorv32\core\neorv32_cpu_alu_crypto.vhd
D:\neorv32\neorv32_fpga\neorv_project\neorv32\core\neorv32_cpu_alu_fpu.vhd
D:\neorv32\neorv32_fpga\neorv_project\neorv32\core\neorv32_cpu_alu_muldiv.vhd
D:\neorv32\neorv32_fpga\neorv_project\neorv32\core\neorv32_cpu_alu_shifter.vhd
D:\neorv32\neorv32_fpga\neorv_project\neorv32\core\neorv32_cpu_control.vhd
D:\neorv32\neorv32_fpga\neorv_project\neorv32\core\neorv32_cpu_counters.vhd
D:\neorv32\neorv32_fpga\neorv_project\neorv32\core\neorv32_cpu_decompressor.vhd
D:\neorv32\neorv32_fpga\neorv_project\neorv32\core\neorv32_cpu_frontend.vhd
D:\neorv32\neorv32_fpga\neorv_project\neorv32\core\neorv32_cpu_hwtrig.vhd
D:\neorv32\neorv32_fpga\neorv_project\neorv32\core\neorv32_cpu_lsu.vhd
D:\neorv32\neorv32_fpga\neorv_project\neorv32\core\neorv32_cpu_pmp.vhd
D:\neorv32\neorv32_fpga\neorv_project\neorv32\core\neorv32_cpu_regfile.vhd
D:\neorv32\neorv32_fpga\neorv_project\neorv32\core\neorv32_cpu_trace.vhd
D:\neorv32\neorv32_fpga\neorv_project\neorv32\core\neorv32_debug_auth.vhd
D:\neorv32\neorv32_fpga\neorv_project\neorv32\core\neorv32_debug_dm.vhd
D:\neorv32\neorv32_fpga\neorv_project\neorv32\core\neorv32_debug_dtm.vhd
D:\neorv32\neorv32_fpga\neorv_project\neorv32\core\neorv32_dma.vhd
D:\neorv32\neorv32_fpga\neorv_project\neorv32\core\neorv32_dmem.vhd
D:\neorv32\neorv32_fpga\neorv_project\neorv32\core\neorv32_dmem_ram.vhd
D:\neorv32\neorv32_fpga\neorv_project\neorv32\core\neorv32_gpio.vhd
D:\neorv32\neorv32_fpga\neorv_project\neorv32\core\neorv32_gptmr.vhd
D:\neorv32\neorv32_fpga\neorv_project\neorv32\core\neorv32_imem.vhd
D:\neorv32\neorv32_fpga\neorv_project\neorv32\core\neorv32_imem_image.vhd
D:\neorv32\neorv32_fpga\neorv_project\neorv32\core\neorv32_imem_ram.vhd
D:\neorv32\neorv32_fpga\neorv_project\neorv32\core\neorv32_imem_rom.vhd
D:\neorv32\neorv32_fpga\neorv_project\neorv32\core\neorv32_neoled.vhd
D:\neorv32\neorv32_fpga\neorv_project\neorv32\core\neorv32_onewire.vhd
D:\neorv32\neorv32_fpga\neorv_project\neorv32\core\neorv32_package.vhd
D:\neorv32\neorv32_fpga\neorv_project\neorv32\core\neorv32_prim.vhd
D:\neorv32\neorv32_fpga\neorv_project\neorv32\core\neorv32_pwm.vhd
D:\neorv32\neorv32_fpga\neorv_project\neorv32\core\neorv32_sdi.vhd
D:\neorv32\neorv32_fpga\neorv_project\neorv32\core\neorv32_slink.vhd
D:\neorv32\neorv32_fpga\neorv_project\neorv32\core\neorv32_smc.vhd
D:\neorv32\neorv32_fpga\neorv_project\neorv32\core\neorv32_spi.vhd
D:\neorv32\neorv32_fpga\neorv_project\neorv32\core\neorv32_sys.vhd
D:\neorv32\neorv32_fpga\neorv_project\neorv32\core\neorv32_sysinfo.vhd
D:\neorv32\neorv32_fpga\neorv_project\neorv32\core\neorv32_top.vhd
D:\neorv32\neorv32_fpga\neorv_project\neorv32\core\neorv32_tracer.vhd
D:\neorv32\neorv32_fpga\neorv_project\neorv32\core\neorv32_trng.vhd
D:\neorv32\neorv32_fpga\neorv_project\neorv32\core\neorv32_twd.vhd
D:\neorv32\neorv32_fpga\neorv_project\neorv32\core\neorv32_twi.vhd
D:\neorv32\neorv32_fpga\neorv_project\neorv32\core\neorv32_uart.vhd
D:\neorv32\neorv32_fpga\neorv_project\neorv32\core\neorv32_wdt.vhd
D:\neorv32\neorv32_fpga\neorv_project\neorv32\core\neorv32_xbus.vhd
D:\neorv32\neorv32_fpga\neorv_project\neorv_project.gprj
D:\neorv32\neorv32_fpga\neorv_project\neorv_project.gprj.user
D:\neorv32\neorv32_fpga\neorv_project\src\Makefile
D:\neorv32\neorv32_fpga\neorv_project\src\build\crt0.S.o
D:\neorv32\neorv32_fpga\neorv_project\src\build\main.asm
D:\neorv32\neorv32_fpga\neorv_project\src\build\main.c.o
D:\neorv32\neorv32_fpga\neorv_project\src\build\main.elf
D:\neorv32\neorv32_fpga\neorv_project\src\build\neorv32_aux.c.o
D:\neorv32\neorv32_fpga\neorv_project\src\build\neorv32_cfs.c.o
D:\neorv32\neorv32_fpga\neorv_project\src\build\neorv32_clint.c.o
D:\neorv32\neorv32_fpga\neorv_project\src\build\neorv32_cpu.c.o
D:\neorv32\neorv32_fpga\neorv_project\src\build\neorv32_dma.c.o
D:\neorv32\neorv32_fpga\neorv_project\src\build\neorv32_gpio.c.o
D:\neorv32\neorv32_fpga\neorv_project\src\build\neorv32_gptmr.c.o
D:\neorv32\neorv32_fpga\neorv_project\src\build\neorv32_imem_image.vhd
D:\neorv32\neorv32_fpga\neorv_project\src\build\neorv32_neoled.c.o
D:\neorv32\neorv32_fpga\neorv_project\src\build\neorv32_newlib.c.o
D:\neorv32\neorv32_fpga\neorv_project\src\build\neorv32_onewire.c.o
D:\neorv32\neorv32_fpga\neorv_project\src\build\neorv32_pwm.c.o
D:\neorv32\neorv32_fpga\neorv_project\src\build\neorv32_raw_exe.bin
D:\neorv32\neorv32_fpga\neorv_project\src\build\neorv32_rte.c.o
D:\neorv32\neorv32_fpga\neorv_project\src\build\neorv32_sdi.c.o
D:\neorv32\neorv32_fpga\neorv_project\src\build\neorv32_semihosting.c.o
D:\neorv32\neorv32_fpga\neorv_project\src\build\neorv32_slink.c.o
D:\neorv32\neorv32_fpga\neorv_project\src\build\neorv32_smc.c.o
D:\neorv32\neorv32_fpga\neorv_project\src\build\neorv32_smp.c.o
D:\neorv32\neorv32_fpga\neorv_project\src\build\neorv32_spi.c.o
D:\neorv32\neorv32_fpga\neorv_project\src\build\neorv32_tracer.c.o
D:\neorv32\neorv32_fpga\neorv_project\src\build\neorv32_trng.c.o
D:\neorv32\neorv32_fpga\neorv_project\src\build\neorv32_twd.c.o
D:\neorv32\neorv32_fpga\neorv_project\src\build\neorv32_twi.c.o
D:\neorv32\neorv32_fpga\neorv_project\src\build\neorv32_uart.c.o
D:\neorv32\neorv32_fpga\neorv_project\src\build\neorv32_wdt.c.o
D:\neorv32\neorv32_fpga\neorv_project\src\build_fw.bat
D:\neorv32\neorv32_fpga\neorv_project\src\build_fw.ps1
D:\neorv32\neorv32_fpga\neorv_project\src\fix_vhdl_lib.ps1
D:\neorv32\neorv32_fpga\neorv_project\src\main.c
D:\neorv32\neorv32_fpga\neorv_project\src\neorv32.cst
D:\neorv32\neorv32_fpga\neorv_project\src\neorv32_gowin_top.vhd
D:\neorv32\neorv32_fpga\neorv_project\src\neorv_project.sdc
D:\neorv32\neorv32_fpga\neorv_project\src\setup_neorv32_lib.tcl

********* Total 99 files to archive *********

